▲ Next.js 16.2.5 (Turbopack)
- Environments: .env.local

  Creating an optimized production build ...
✓ Compiled successfully in 12.5s
  Running TypeScript ...
